2023-05-14 02:20:06,114 INFO:Using CosmoHammer 0.6.1
2023-05-14 02:20:06,114 INFO:Using emcee 2.0.0
2023-05-14 02:20:06,115 INFO:Sampler: <class 'cosmoHammer.CosmoHammerSampler.CosmoHammerSampler'>
configuration: 
  Params: [5.   1.58]
  Burnin iterations: 200.0
  Samples iterations: 2000
  Walkers ratio: 2
  Reusing burn in: False
  init pos generator: SampleBallPositionGenerator
  stop criteria: IterationStopCriteriaStrategy
  storage util: SampleFileUtil
likelihoodComputationChain: 
Core Modules: 
  Core_Module
Likelihood Modules: 
  Likelihood_Module

2023-05-14 02:20:06,115 INFO:start burn in
2023-05-14 02:20:26,631 INFO:Iteration finished:10
2023-05-14 02:20:44,931 INFO:Iteration finished:20
2023-05-14 02:21:03,185 INFO:Iteration finished:30
2023-05-14 02:21:21,358 INFO:Iteration finished:40
2023-05-14 02:21:39,692 INFO:Iteration finished:50
2023-05-14 02:21:57,629 INFO:Iteration finished:60
2023-05-14 02:22:14,250 INFO:Iteration finished:70
2023-05-14 02:22:29,184 INFO:Iteration finished:80
