-1177038.3872064722
-1177038.390989104
-1177038.3894280668
-1177038.3879484555
-1177038.3870893663
-1177038.3916283417
-1177038.3897771742
-1177038.3879201703
-1177038.388167561
-1177038.392419377
-1177038.3895442523
-1177038.387779944
-1177038.3878242385
-1177038.3933216769
-1177038.3891365288
-1177038.3877449832
-1177038.3878242385
-1177038.394062228
-1177038.3892569295
-1177038.3877067515
-1177038.3879288614
-1177038.3992277943
-1177038.3889847423
-1177038.3806200605
-1177038.387131205
-1177038.410875389
-1177038.3889847423
-1177038.3808656137
-1177038.3922582124
-1177038.4274241205
-1177038.3888018734
-1177038.3572326666
-1177038.3909208619
-1177038.4622570223
-1177038.4136187066
-1177038.3572326666
-1177038.3797646225
-1177038.5405618723
-1177038.3277529895
-1177038.3377827094
-1177038.3583125516
-1177038.5653291147
-1177038.1423858001
-1177038.1824998537
-1177038.450063388
-1177038.7367361954
-1177038.3873869558
-1177038.1440589868
-1177038.642692926
-1177038.793508268
-1177038.463334185
-1177038.0020532769
-1177038.6345623636
-1177038.6622636907
-1177038.3496271593
-1177038.0020532769
-1177038.5270083272
-1177038.9876058823
-1177038.3496271593
-1177038.0266157857
-1177038.4592008237
-1177039.5158111656
-1177038.3496271593
-1177038.0266157857
-1177038.4398519862
-1177039.5158111656
-1177038.2023659477
-1177038.0266157857
-1177038.4591789236
-1177039.5158111656
-1177038.2566799708
-1177038.0266157857
-1177038.519302726
-1177039.657308554
-1177038.0954377006
-1177038.07414025
-1177038.4369435762
-1177039.657308554
-1177038.0954377006
-1177038.0065540795
-1177038.4369435762
-1177039.657308554
-1177038.0065179542
-1177038.0065540795
-1177038.722439263
-1177039.657308554
-1177038.0065179542
-1177038.571414126
-1177038.722439263
-1177039.2087361861
-1177038.0065179542
-1177038.082093883
-1177039.1235248784
-1177039.2087361861
-1177038.4450889325
-1177038.6778444734
-1177039.1114055268
-1177039.588249577
-1177038.4450889325
-1177038.6778444734
-1177038.8532138953
-1177039.588249577
-1177038.4450889325
-1177038.6574047904
-1177038.7367492344
-1177039.588249577
-1177038.4450889325
-1177038.6574047904
-1177038.8454658692
-1177039.5652814214
-1177038.0627234217
-1177038.580636091
-1177038.8454658692
-1177039.5652814214
-1177038.0627234217
-1177038.580636091
-1177038.9270987152
-1177039.4486250714
-1177038.0176121306
-1177038.6109616389
-1177039.420553532
-1177039.5194796552
-1177038.0176121306
-1177037.9906443963
-1177039.420553532
-1177039.5194796552
-1177038.0176121306
-1177037.9906443963
-1177039.159157133
-1177039.5194796552
-1177038.0176121306
-1177037.9906443963
-1177039.2969099612
-1177039.5194796552
-1177038.0176121306
-1177037.9906443963
-1177038.8215109846
-1177039.6253552916
-1177037.9901374946
-1177038.0220284234
-1177039.2779920711
-1177039.6253552916
-1177037.9881303667
-1177038.0220284234
-1177039.2779920711
-1177039.235236607
-1177037.9881303667
-1177038.5915236534
-1177039.1575113554
-1177038.949640141
-1177037.9881303667
-1177038.001546523
-1177038.9431197448
-1177039.1717973673
-1177038.0648670737
-1177038.001546523
-1177039.3072320484
-1177039.1717973673
-1177038.0648670737
-1177037.988010319
-1177038.908340073
-1177039.0150410354
-1177038.109902622
-1177038.0186564908
-1177039.233626839
-1177039.1000833698
-1177037.9907613087
-1177038.0186564908
-1177039.1304738075
-1177038.6328009693
-1177037.9907613087
-1177038.0186564908
-1177038.9618545203
-1177038.9285663627
-1177037.9907613087
-1177037.99815652
-1177038.606862439
-1177039.1880746498
-1177038.1951581961
-1177037.99815652
-1177038.7000742862
-1177039.1880746498
-1177038.2291764386
-1177038.0315868505
-1177039.093176964
-1177039.1880746498
-1177038.2291764386
-1177038.0543514076
-1177039.093176964
-1177039.1880746498
-1177038.2291764386
-1177038.0047198944
-1177039.177816288
-1177039.4454346849
-1177038.2291764386
-1177038.0005532857
-1177039.2122593417
-1177039.0487138347
-1177038.2291764386
-1177038.0005532857
-1177039.2122593417
-1177038.5585169184
-1177038.1689873564
-1177038.0005532857
-1177039.2122593417
-1177038.589146287
-1177038.0380364396
-1177038.0476518208
-1177039.079958057
-1177038.4029774787
-1177038.0380364396
-1177038.0219306543
-1177039.5980035174
-1177038.2420320152
-1177038.0380364396
-1177038.0229790383
-1177039.0080428668
-1177038.2066571699
-1177038.0380364396
-1177038.057759699
-1177038.874304003
-1177038.4681113714
-1177037.9902560832
-1177038.0043203514
-1177038.8793711748
-1177038.5903862563
-1177037.9914825712
-1177038.0043203514
-1177038.7764485804
-1177038.4892807833
-1177037.9914825712
-1177037.9856999947
-1177039.0519081177
-1177038.863717795
-1177037.9693544232
-1177037.9856999947
-1177039.3478068681
-1177039.0552338178
-1177037.9693544232
-1177037.9856999947
-1177039.1441832506
-1177039.0552338178
-1177037.9693544232
-1177038.0214485368
-1177039.5296725018
-1177039.2820356844
-1177037.9693544232
-1177038.0214485368
-1177039.5296725018
-1177039.2820356844
-1177037.9693544232
-1177038.0214485368
-1177039.2176394942
-1177039.4324617386
-1177037.9693544232
-1177038.0214485368
-1177039.3661427859
-1177038.9937898847
-1177037.9693544232
-1177038.0214485368
-1177039.3886263776
-1177038.587302395
-1177037.9693544232
-1177038.0214485368
-1177039.0569957537
-1177038.711372764
-1177037.9693544232
-1177038.0214485368
-1177039.187493589
-1177038.6701129854
-1177037.9693544232
-1177038.0214485368
-1177039.187493589
-1177038.4889925658
-1177037.9693544232
-1177038.0212458048
-1177039.187493589
-1177038.5724839964
-1177037.9693544232
-1177038.364244015
-1177038.575675623
-1177038.6239733715
-1177037.99810621
-1177038.166205798
-1177038.4620245397
-1177038.197190327
-1177037.9896520965
-1177038.196193114
-1177038.5619936506
-1177038.197190327
-1177037.9896520965
-1177038.1958285344
-1177038.4009497098
-1177038.197470427
-1177037.9865357552
-1177038.1944229584
-1177038.0798761067
-1177038.197635702
-1177038.0022145063
-1177038.1940694985
-1177038.1224774632
-1177038.4616156244
-1177038.0022145063
-1177038.238030442
-1177038.0564583158
-1177038.5104258957
-1177038.0022145063
-1177038.371990637
-1177038.0600900857
-1177038.5453471045
-1177038.0086855364
-1177038.4918009276
-1177038.1272452457
-1177038.4862770697
-1177038.0086855364
-1177038.5021051515
-1177038.024787854
-1177038.4736538285
-1177038.0087568592
-1177038.245114474
-1177038.016598952
-1177038.6155346883
-1177038.008935872
-1177038.4477156897
-1177038.016598952
-1177038.541879958
-1177038.0129710378
-1177038.445181988
-1177038.016598952
-1177038.3507425813
-1177037.981277861
-1177038.5020771406
-1177038.016598952
-1177038.385459045
-1177037.9819302077
-1177038.9117596736
-1177038.2344429865
-1177038.331620545
-1177037.9819302077
-1177039.256290825
-1177038.0023639374
-1177038.3748107364
-1177037.9879246987
-1177038.8798594787
-1177038.0093124306
-1177038.4771245376
-1177037.9811433027
-1177038.9309494575
-1177038.0323152556
-1177038.3645153954
-1177037.9811433027
-1177039.147592121
-1177038.0323152556
-1177037.9994306443
-1177038.0006631417
-1177039.6235353407
-1177038.0323152556
-1177038.7962945665
-1177037.9815677668
-1177039.4332163658
-1177038.0323152556
-1177038.9655741244
-1177037.9885036477
-1177039.4332163658
-1177038.0323152556
-1177038.8997269978
-1177037.9985043327
-1177039.352756951
-1177038.0216784263
-1177038.8997269978
-1177037.9883787914
-1177039.5173061413
-1177038.070075783
-1177038.6306525404
-1177037.9726198618
-1177039.5173061413
-1177038.070075783
-1177039.109359292
-1177037.9726198618
-1177039.5173061413
-1177038.812001211
-1177039.1492365904
-1177037.9705823637
-1177039.542996558
-1177038.922256315
-1177039.004392726
-1177037.9705823637
-1177039.4377319189
-1177038.748623345
-1177038.469442286
-1177037.9705823637
-1177039.4549915437
-1177038.35490058
-1177038.5201944783
-1177037.9705823637
-1177039.5415772286
-1177038.0253614923
-1177038.6020441325
-1177037.992668483
-1177039.5415772286
-1177038.035683195
-1177038.5073749262
-1177037.992668483
-1177039.5415772286
-1177038.035683195
-1177038.8597462613
-1177037.992668483
-1177039.5415772286
-1177038.035683195
-1177038.9954008507
-1177038.3170926487
-1177039.5415772286
-1177038.0249688409
-1177039.3179717944
-1177037.9759289245
-1177039.5668748368
-1177038.111792458
-1177039.3179717944
-1177038.0109597845
-1177039.5668748368
-1177038.111792458
-1177039.1627478818
-1177038.042948535
-1177039.6565523448
-1177038.0229811717
-1177039.0148252784
-1177038.0686352525
-1177039.6565523448
-1177038.0229811717
-1177039.0148252784
-1177038.2051586884
-1177038.9817522333
-1177038.0229811717
-1177039.0337292803
-1177038.2051586884
-1177038.860771662
-1177038.0229811717
-1177038.9945784009
-1177038.1511926611
-1177038.746455699
-1177038.0229811717
-1177038.9027909953
-1177038.0123881532
-1177038.6996629958
-1177038.0229811717
-1177039.0424396938
-1177038.0137439251
-1177038.6996629958
-1177038.0229811717
-1177039.4176450507
-1177038.0137439251
-1177038.7842251798
-1177038.0184538295
-1177039.4706999408
-1177038.0137439251
-1177039.3060819143
-1177038.0184538295
-1177039.5500686143
-1177038.0137439251
-1177039.5660730107
-1177038.0186418386
-1177039.1168936556
-1177038.0137439251
-1177039.4830920615
-1177038.0235143385
-1177039.2621471055
-1177038.0097278443
-1177039.4830920615
-1177038.017555114
-1177038.950607497
-1177038.0097278443
-1177039.4830920615
-1177038.017555114
-1177039.0808442242
-1177038.0097278443
-1177039.4830920615
-1177038.0181377407
-1177038.6432834473
-1177038.0133544996
-1177039.611806427
-1177038.0181377407
-1177038.8863881938
-1177038.0090525574
-1177039.3308437301
-1177038.0152498197
-1177038.7261569002
-1177038.0044133782
-1177039.3977086816
-1177038.0152498197
-1177038.0059501876
-1177037.9989045523
-1177039.0436695714
-1177038.0152498197
-1177038.0101888767
-1177038.0024904185
-1177039.0436695714
-1177038.0152498197
-1177038.0015702716
-1177038.0007154313
-1177039.6235923169
-1177038.0152498197
-1177038.0023580617
-1177038.0007739447
-1177039.5937952832
-1177038.007961905
-1177038.0035887826
-1177038.0017158668
-1177039.5937952832
-1177038.017824811
-1177038.336682886
-1177038.0052027425
-1177039.5937952832
-1177038.02116109
-1177038.336682886
-1177038.0073241307
-1177039.593126428
-1177038.02116109
-1177038.8957864125
-1177038.009466099
-1177039.593126428
-1177038.02116109
-1177039.242227675
-1177038.0037770018
-1177039.6150133945
-1177038.0420110954
-1177039.0945237137
-1177037.9769185653
-1177039.4951577005
-1177038.0657535268
-1177038.8757818937
-1177037.9906016893
-1177039.3476734448
-1177038.5363580605
-1177038.8516778147
-1177037.9906016893
-1177039.1969651782
-1177038.5363580605
-1177038.8478367412
-1177037.9911074347
-1177039.1981403558
-1177038.3901468087
-1177038.6632966434
-1177037.9735680618
-1177039.038868512
-1177038.7560815518
-1177038.2512452472
-1177037.9735680618
-1177038.9321254927
-1177039.204495521
-1177038.4748047397
-1177037.9735680618
-1177038.7986080325
-1177039.3500084006
-1177038.8178633398
-1177037.9735680618
-1177038.7836048824
-1177039.3500084006
-1177038.8194271447
-1177038.0020360877
-1177038.7836048824
-1177039.3500084006
-1177038.807101147
-1177038.0020360877
-1177038.7781392855
-1177039.3500084006
-1177038.8166785655
-1177038.0020360877
-1177038.748543897
-1177039.5609250376
-1177038.74827921
-1177038.0020360877
-1177038.748505503
-1177039.3822931773
-1177039.013472788
-1177038.0020360877
-1177038.347063724
-1177039.184913293
-1177038.828365903
-1177037.9740722615
-1177038.0299531997
-1177038.772020271
-1177038.4958258064
-1177037.9740722615
-1177038.0446970281
-1177038.9212386073
-1177038.835764441
-1177037.9740722615
-1177038.0083993764
-1177038.6615799202
-1177038.6074150035
-1177038.0456500882
-1177038.0083993764
-1177038.747520784
-1177039.0212544089
-1177038.0456500882
-1177038.0083993764
-1177039.160825977
-1177039.3641857242
-1177038.5599435964
-1177038.0083993764
-1177038.8034695394
-1177039.6743362863
-1177038.5599435964
-1177038.0083993764
-1177039.3593134882
-1177039.6743362863
-1177038.5599435964
-1177038.675789078
-1177039.487952597
-1177039.364847278
-1177038.5599435964
-1177038.393748597
-1177039.2574677304
-1177039.4810452024
-1177038.5599435964
-1177038.7342272622
-1177039.171081077
-1177039.3446526022
-1177038.384532138
-1177038.7342272622
-1177038.9400855263
-1177039.6093233183
-1177038.2139212633
-1177038.574310073
-1177039.0045351945
-1177039.6093233183
-1177038.2139212633
-1177038.6395961307
-1177039.0530152987
-1177039.6093233183
-1177038.5751423456
-1177038.1096979775
-1177038.9007426132
-1177039.6093233183
-1177038.243583131
-1177038.8010063253
-1177038.9257716134
-1177039.6345389273
-1177038.243583131
-1177038.7699004477
-1177039.0503293537
-1177039.6345389273
-1177038.7421173495
-1177039.067100722
-1177039.3448114013
-1177039.4647905992
-1177038.4585387073
-1177039.1140249202
-1177039.353767722
-1177039.3632370639
-1177038.4390992632
-1177039.2177252362
-1177039.3584896473
-1177039.3123583219
-1177038.4390992632
-1177039.198215044
-1177039.3584896473
-1177039.3221378936
-1177038.4390992632
-1177039.1704576085
-1177039.3448939782
-1177039.3887082606
-1177038.2713002327
-1177039.1508342691
-1177039.410403585
-1177039.3887082606
-1177038.2713002327
-1177038.9764962262
-1177039.50663063
-1177039.3200682828
-1177038.4530347576
-1177038.670873068
-1177039.50663063
-1177039.0708768896
-1177038.6042418513
-1177038.670873068
-1177039.3920593592
-1177039.220129847
-1177038.2497947786
-1177038.5540296517
-1177039.3306606717
-1177038.8585340842
-1177038.1863151626
-1177038.5540296517
-1177039.3306606717
-1177038.8585340842
-1177038.1863151626
-1177038.1662738123
-1177039.3306606717
-1177039.310945633
-1177038.1863151626
-1177038.2107133258
-1177039.0451325274
-1177039.5264950236
-1177037.9974899911
-1177038.0043982582
-1177039.1145020807
-1177039.403919854
-1177037.9974899911
-1177038.0043982582
-1177039.1145020807
-1177039.3234706724
-1177038.0173963457
-1177038.0043982582
-1177039.390765394
-1177039.3234706724
-1177038.0465761586
-1177037.9741581162
-1177038.938650544
-1177039.3234706724
-1177038.3744778854
-1177037.9741581162
-1177039.2697580752
-1177038.9655830008
-1177038.6240419666
-1177037.9741581162
-1177039.2697580752
-1177039.6820695652
-1177039.049687639
-1177038.5728930377
-1177039.057124817
-1177039.6820695652
-1177039.2965506378
-1177038.0972416338
-1177039.130163077
-1177039.1475098073
-1177039.2222399502
-1177037.9917217267
-1177038.8318766062
-1177039.097877318
-1177039.2820322714
-1177037.9917217267
-1177038.5846002577
-1177039.0498398899
-1177039.1021614503
-1177038.0841420963
-1177038.9035390287
-1177039.0349116742
-1177039.1313484842
-1177038.3579799666
-1177039.0569622356
-1177038.9969994873
-1177039.1966018968
-1177038.4209457787
-1177039.092727502
-1177038.9872128565
-1177039.2681601185
-1177038.0325673653
-1177039.0068849958
-1177039.337327499
-1177039.19802499
-1177038.0325673653
-1177039.095270592
-1177039.3844498782
-1177039.3004499974
-1177037.980692643
-1177039.1227590912
-1177039.4026353022
-1177039.2494764943
-1177037.980692643
-1177039.1102755961
-1177039.383372905
-1177039.3281186575
-1177037.980692643
-1177039.455824862
-1177039.3908133071
-1177039.3110952226
-1177038.3652289473
-1177039.3995010373
-1177039.1322071233
-1177039.3110952226
-1177038.1926112496
-1177039.525067463
-1177039.1322071233
-1177039.1893013052
-1177038.1926112496
-1177039.525067463
-1177039.1419970542
-1177039.2296340845
-1177038.2555736618
-1177039.5978423369
-1177039.528898367
-1177038.9254958192
-1177038.102730498
-1177039.6069657991
-1177039.6791456693
-1177039.1114163545
-1177038.6460388997
-1177039.306247734
-1177039.3256694954
-1177039.1015781052
-1177038.0246619359
-1177039.3797720347
-1177039.3256694954
-1177038.8857724946
-1177038.0246619359
-1177039.3797720347
-1177039.5943810001
-1177038.0719306117
-1177038.0246619359
